// Jest Snapshot v1, https://goo.gl/fbAQLP

exports[`dist file is transpiled when --babel passed 1`] = `""`;

exports[`dist file is transpiled when --babel passed 2`] = `
"'use strict';

function _interopDefault (ex) { return (ex && (typeof ex === 'object') && 'default' in ex) ? ex['default'] : ex; }

var _classCallCheck = _interopDefault(require('@babel/runtime/helpers/classCallCheck'));

var SomeClass = function SomeClass() {
  _classCallCheck(this, SomeClass);
};

var exportDefaultNewExpression = new SomeClass();

module.exports = exportDefaultNewExpression;
"
`;
