// Jest Snapshot v1, https://goo.gl/fbAQLP

exports[`specified import gets bundled with module into dist file 1`] = `
Object {
  "cjs": Array [
    "/fakePath/exportObjectWithImports.js",
    "'use strict';

Object.defineProperty(exports, '__esModule', { value: true });

function _interopDefault (ex) { return (ex && (typeof ex === 'object') && 'default' in ex) ? ex['default'] : ex; }

var camelCase = _interopDefault(require('camelcase'));
var promiseComplete = _interopDefault(require('@ianwalter/promise-complete'));

function npmShortName(name = '') {
  const parts = name.split('/');
  return parts.length ? camelCase(parts[parts.length - 1]) : '';
}

function greeting() {
  return 'Hello World';
}

exports.promiseComplete = promiseComplete;
exports.greeting = greeting;
exports.npmShortName = npmShortName;
",
  ],
}
`;
